[    0.000000] Linux version 4.15.0-212-generic (buildd@lcy02-amd64-083) (gcc version 7.5.0 (Ubuntu 7.5.0-3ubuntu1~18.04)) #223-Ubuntu SMP Tue May 23 13:09:22 UTC 2023 (Ubuntu 4.15.0-212.223-generic 4.15.18)
[    0.000000] Command line: BOOT_IMAGE=/boot/vmlinuz-4.15.0-212-generic root=LABEL=cloudimg-rootfs ro console=tty1 console=ttyS0
[    0.000000] KERNEL supported cpus:
[    0.000000]   Intel GenuineIntel
[    0.000000]   AMD AuthenticAMD
[    0.000000]   Centaur CentaurHauls
[    0.000000] x86/fpu: Supporting XSAVE feature 0x001: 'x87 floating point registers'
[    0.000000] x86/fpu: Supporting XSAVE feature 0x002: 'SSE registers'
[    0.000000] x86/fpu: Supporting XSAVE feature 0x004: 'AVX registers'
[    0.000000] x86/fpu: xstate_offset[2]:  576, xstate_sizes[2]:  256
[    0.000000] x86/fpu: Enabled xstate features 0x7, context size is 832 bytes, using 'standard' format.
[    0.000000] e820: BIOS-provided physical RAM map:
[    0.000000] BIOS-e820: [mem 0x0000000000000000-0x000000000009fbff] usable
[    0.000000] BIOS-e820: [mem 0x000000000009fc00-0x000000000009ffff] reserved
[    0.000000] BIOS-e820: [mem 0x00000000000f0000-0x00000000000fffff] reserved
[    0.000000] BIOS-e820: [mem 0x0000000000100000-0x000000001ffeffff] usable
[    0.000000] BIOS-e820: [mem 0x000000001fff0000-0x000000001fffffff] ACPI data
[    0.000000] BIOS-e820: [mem 0x00000000fec00000-0x00000000fec00fff] reserved
[    0.000000] BIOS-e820: [mem 0x00000000fee00000-0x00000000fee00fff] reserved
[    0.000000] BIOS-e820: [mem 0x00000000fffc0000-0x00000000ffffffff] reserved
[    0.000000] NX (Execute Disable) protection: active
[    0.000000] SMBIOS 2.5 present.
[    0.000000] DMI: innotek GmbH VirtualBox/VirtualBox, BIOS VirtualBox 12/01/2006
[    0.000000] Hypervisor detected: KVM
[    0.000000] e820: last_pfn = 0x1fff0 max_arch_pfn = 0x400000000
[    0.000000] x86/PAT: Configuration [0-7]: WB  WC  UC- UC  WB  WP  UC- WT  
[    0.000000] found SMP MP-table at [mem 0x0009fbf0-0x0009fbff]
[    0.000000] Scanning 1 areas for low memory corruption
[    0.000000] RAMDISK: [mem 0x1db01000-0x1ee12fff]
[    0.000000] ACPI: Early table checksum verification disabled
[    0.000000] ACPI: RSDP 0x00000000000E0000 000024 (v02 VBOX  )
[    0.000000] ACPI: XSDT 0x000000001FFF0030 00003C (v01 VBOX   VBOXXSDT 00000001 ASL  00000061)
[    0.000000] ACPI: FACP 0x000000001FFF00F0 0000F4 (v04 VBOX   VBOXFACP 00000001 ASL  00000061)
[    0.000000] ACPI: DSDT 0x000000001FFF0610 002353 (v02 VBOX   VBOXBIOS 00000002 INTL 20100528)
[    0.000000] ACPI: FACS 0x000000001FFF0200 000040
[    0.000000] ACPI: FACS 0x000000001FFF0200 000040
[    0.000000] ACPI: APIC 0x000000001FFF0240 000054 (v02 VBOX   VBOXAPIC 00000001 ASL  00000061)
[    0.000000] ACPI: SSDT 0x000000001FFF02A0 00036C (v01 VBOX   VBOXCPUT 00000002 INTL 20100528)
[    0.000000] ACPI: Reserving FACP table memory at [mem 0x1fff00f0-0x1fff01e3]
[    0.000000] ACPI: Reserving DSDT table memory at [mem 0x1fff0610-0x1fff2962]
[    0.000000] ACPI: Reserving FACS table memory at [mem 0x1fff0200-0x1fff023f]
[    0.000000] ACPI: Reserving FACS table memory at [mem 0x1fff0200-0x1fff023f]
[    0.000000] ACPI: Reserving APIC table memory at [mem 0x1fff0240-0x1fff0293]
[    0.000000] ACPI: Reserving SSDT table memory at [mem 0x1fff02a0-0x1fff060b]
[    0.000000] No NUMA configuration found
[    0.000000] Faking a node at [mem 0x0000000000000000-0x000000001ffeffff]
[    0.000000] NODE_DATA(0) allocated [mem 0x1ffc5000-0x1ffeffff]
[    0.000000] kvm-clock: cpu 0, msr 0:1ff44001, primary cpu clock
[    0.000000] kvm-clock: Using msrs 4b564d01 and 4b564d00
[    0.000000] kvm-clock: using sched offset of 4398479599 cycles
[    0.000000] clocksource: kvm-clock: mask: 0xffffffffffffffff max_cycles: 0x1cd42e4dffb, max_idle_ns: 881590591483 ns
[    0.000000] Zone ranges:
[    0.000000]   DMA      [mem 0x0000000000001000-0x0000000000ffffff]
[    0.000000]   DMA32    [mem 0x0000000001000000-0x000000001ffeffff]
[    0.000000]   Normal   empty
[    0.000000]   Device   empty
[    0.000000] Movable zone start for each node
[    0.000000] Early memory node ranges
[    0.000000]   node   0: [mem 0x0000000000001000-0x000000000009efff]
[    0.000000]   node   0: [mem 0x0000000000100000-0x000000001ffeffff]
[    0.000000] Reserved but unavailable: 104 pages
[    0.000000] Initmem setup node 0 [mem 0x0000000000001000-0x000000001ffeffff]
[    0.000000] ACPI: PM-Timer IO Port: 0x4008
[    0.000000] IOAPIC[0]: apic_id 1, version 32, address 0xfec00000, GSI 0-23
[    0.000000] ACPI: INT_SRC_OVR (bus 0 bus_irq 0 global_irq 2 dfl dfl)
[    0.000000] ACPI: INT_SRC_OVR (bus 0 bus_irq 9 global_irq 9 low level)
[    0.000000] Using ACPI (MADT) for SMP configuration information
[    0.000000] smpboot: Allowing 1 CPUs, 0 hotplug CPUs
[    0.000000] PM: Registered nosave memory: [mem 0x00000000-0x00000fff]
[    0.000000] PM: Registered nosave memory: [mem 0x0009f000-0x0009ffff]
[    0.000000] PM: Registered nosave memory: [mem 0x000a0000-0x000effff]
[    0.000000] PM: Registered nosave memory: [mem 0x000f0000-0x000fffff]
[    0.000000] e820: [mem 0x20000000-0xfebfffff] available for PCI devices
[    0.000000] Booting paravirtualized kernel on KVM
[    0.000000] clocksource: refined-jiffies: mask: 0xffffffff max_cycles: 0xffffffff, max_idle_ns: 7645519600211568 ns
[    0.000000] setup_percpu: NR_CPUS:8192 nr_cpumask_bits:1 nr_cpu_ids:1 nr_node_ids:1
[    0.000000] percpu: Embedded 50 pages/cpu s167936 r8192 d28672 u2097152
[    0.000000] PV qspinlock hash table entries: 256 (order: 0, 4096 bytes)
[    0.000000] Built 1 zonelists, mobility grouping on.  Total pages: 128889
[    0.000000] Policy zone: DMA32
[    0.000000] Kernel command line: BOOT_IMAGE=/boot/vmlinuz-4.15.0-212-generic root=LABEL=cloudimg-rootfs ro console=tty1 console=ttyS0
[    0.000000] Memory: 466748K/523832K available (12300K kernel code, 2477K rwdata, 4324K rodata, 2480K init, 2720K bss, 57084K reserved, 0K cma-reserved)
[    0.000000] SLUB: HWalign=64, Order=0-3, MinObjects=0, CPUs=1, Nodes=1
[    0.000000] Kernel/User page tables isolation: enabled
[    0.000000] ftrace: allocating 39508 entries in 155 pages
[    0.004000] Hierarchical RCU implementation.
[    0.004000] 	RCU restricting CPUs from NR_CPUS=8192 to nr_cpu_ids=1.
[    0.004000] 	Tasks RCU enabled.
[    0.004000] RCU: Adjusting geometry for rcu_fanout_leaf=16, nr_cpu_ids=1
[    0.004000] NR_IRQS: 524544, nr_irqs: 256, preallocated irqs: 16
[    0.004000] random: crng init done
[    0.004000] Console: colour VGA+ 80x25
[    0.004000] console [tty1] enabled
[    0.004000] console [ttyS0] enabled
[    0.004000] ACPI: Core revision 20170831
[    0.004000] ACPI: 2 ACPI AML tables successfully acquired and loaded
[    0.004000] APIC: Switch to symmetric I/O mode setup
[    0.004000] x2apic enabled
[    0.004011] Switched APIC routing to physical x2apic.
[    0.010402] ..TIMER: vector=0x30 apic1=0 pin1=2 apic2=-1 pin2=-1
[    0.012006] tsc: Detected 2904.004 MHz processor
[    0.016022] Calibrating delay loop (skipped) preset value.. 5808.00 BogoMIPS (lpj=11616016)
[    0.020008] pid_max: default: 32768 minimum: 301
[    0.024057] Security Framework initialized
[    0.026363] Yama: becoming mindful.
[    0.028040] AppArmor: AppArmor initialized
[    0.032141] Dentry cache hash table entries: 65536 (order: 7, 524288 bytes)
[    0.036068] Inode-cache hash table entries: 32768 (order: 6, 262144 bytes)
[    0.040035] Mount-cache hash table entries: 1024 (order: 1, 8192 bytes)
[    0.044012] Mountpoint-cache hash table entries: 1024 (order: 1, 8192 bytes)
[    0.048431] process: using mwait in idle threads
[    0.051121] Last level iTLB entries: 4KB 64, 2MB 8, 4MB 8
[    0.052009] Last level dTLB entries: 4KB 64, 2MB 0, 4MB 0, 1GB 4
[    0.056008] Spectre V1 : Mitigation: usercopy/swapgs barriers and __user pointer sanitization
[    0.060007] Spectre V2 : Mitigation: Retpolines
[    0.064005] Spectre V2 : Spectre v2 / SpectreRSB mitigation: Filling RSB on context switch
[    0.068006] Spectre V2 : Spectre v2 / SpectreRSB : Filling RSB on VMEXIT
[    0.072007] RETBleed: WARNING: Spectre v2 mitigation leaves CPU vulnerable to RETBleed attacks, data leaks possible!
[    0.076006] RETBleed: Vulnerable
[    0.080008] Speculative Store Bypass: Vulnerable
[    0.084071] MDS: Mitigation: Clear CPU buffers
[    0.086353] MMIO Stale Data: Mitigation: Clear CPU buffers
[    0.088011] SRBDS: Unknown: Dependent on hypervisor status
[    0.119908] Freeing SMP alternatives memory: 36K
[    0.254910] smpboot: CPU0: Intel(R) Core(TM) i7-7500U CPU @ 2.70GHz (family: 0x6, model: 0x8e, stepping: 0x9)
[    0.256297] Performance Events: unsupported p6 CPU model 142 no PMU driver, software events only.
[    0.260079] Hierarchical SRCU implementation.
[    0.264874] NMI watchdog: Perf event create on CPU 0 failed with -2
[    0.268006] NMI watchdog: Perf NMI watchdog permanently disabled
[    0.272081] smp: Bringing up secondary CPUs ...
[    0.276007] smp: Brought up 1 node, 1 CPU
[    0.278144] smpboot: Max logical packages: 1
[    0.280008] smpboot: Total of 1 processors activated (5808.00 BogoMIPS)
[    0.284339] devtmpfs: initialized
[    0.286073] x86/mm: Memory block size: 128MB
[    0.288216] evm: security.selinux
[    0.289964] evm: security.SMACK64
[    0.292012] evm: security.SMACK64EXEC
[    0.296006] evm: security.SMACK64TRANSMUTE
[    0.298112] evm: security.SMACK64MMAP
[    0.300005] evm: security.apparmor
[    0.301835] evm: security.ima
[    0.304007] evm: security.capability
[    0.306348] clocksource: jiffies: mask: 0xffffffff max_cycles: 0xffffffff, max_idle_ns: 7645041785100000 ns
[    0.308036] futex hash table entries: 256 (order: 2, 16384 bytes)
[    0.312088] pinctrl core: initialized pinctrl subsystem
[    0.316037] RTC time:  6:04:17, date: 03/21/25
[    0.318478] NET: Registered protocol family 16
[    0.320164] audit: initializing netlink subsys (disabled)
[    0.324240] cpuidle: using governor ladder
[    0.328014] audit: type=2000 audit(1742537063.257:1): state=initialized audit_enabled=0 res=1
[    0.332013] cpuidle: using governor menu
[    0.336109] ACPI: bus type PCI registered
[    0.340008] acpiphp: ACPI Hot Plug PCI Controller Driver version: 0.5
[    0.344201] PCI: Using configuration type 1 for base access
[    0.350638] HugeTLB registered 2.00 MiB page size, pre-allocated 0 pages
[    0.352297] ACPI: Added _OSI(Module Device)
[    0.356013] ACPI: Added _OSI(Processor Device)
[    0.358435] ACPI: Added _OSI(3.0 _SCP Extensions)
[    0.360012] ACPI: Added _OSI(Processor Aggregator Device)
[    0.362813] ACPI: Added _OSI(Linux-Dell-Video)
[    0.364037] ACPI: Added _OSI(Linux-Lenovo-NV-HDMI-Audio)
[    0.368008] ACPI: Added _OSI(Linux-HPI-Hybrid-Graphics)
[    0.372540] ACPI: Executed 1 blocks of module-level executable AML code
[    0.385412] ACPI: Interpreter enabled
[    0.388000] ACPI: (supports S0 S5)
[    0.388007] ACPI: Using IOAPIC for interrupt routing
[    0.396453] PCI: Using host bridge windows from ACPI; if necessary, use "pci=nocrs" and report a bug
[    0.400342] ACPI: Enabled 2 GPEs in block 00 to 07
[    0.422985] ACPI: PCI Root Bridge [PCI0] (domain 0000 [bus 00-ff])
[    0.424016] acpi PNP0A03:00: _OSC: OS supports [ASPM ClockPM Segments MSI]
[    0.429113] acpi PNP0A03:00: _OSC: not requesting OS control; OS requires [ExtendedConfig ASPM ClockPM MSI]
[    0.432031] acpi PNP0A03:00: fail to add MMCONFIG information, can't access extended PCI configuration space under this bridge.
[    0.436890] PCI host bridge to bus 0000:00
[    0.440012] pci_bus 0000:00: root bus resource [io  0x0000-0x0cf7 window]
[    0.444013] pci_bus 0000:00: root bus resource [io  0x0d00-0xffff window]
[    0.448009] pci_bus 0000:00: root bus resource [mem 0x000a0000-0x000bffff window]
[    0.452009] pci_bus 0000:00: root bus resource [mem 0x20000000-0xfdffffff window]
[    0.456007] pci_bus 0000:00: root bus resource [bus 00-ff]
[    0.465211] pci 0000:00:01.1: legacy IDE quirk: reg 0x10: [io  0x01f0-0x01f7]
[    0.468009] pci 0000:00:01.1: legacy IDE quirk: reg 0x14: [io  0x03f6]
[    0.470651] pci 0000:00:01.1: legacy IDE quirk: reg 0x18: [io  0x0170-0x0177]
[    0.472009] pci 0000:00:01.1: legacy IDE quirk: reg 0x1c: [io  0x0376]
[    0.503416] pci 0000:00:07.0: quirk: [io  0x4000-0x403f] claimed by PIIX4 ACPI
[    0.504034] pci 0000:00:07.0: quirk: [io  0x4100-0x410f] claimed by PIIX4 SMB
[    0.523254] ACPI: PCI Interrupt Link [LNKA] (IRQs 5 9 10 *11)
[    0.524807] ACPI: PCI Interrupt Link [LNKB] (IRQs 5 9 *10 11)
[    0.528271] ACPI: PCI Interrupt Link [LNKC] (IRQs 5 *9 10 11)
[    0.532258] ACPI: PCI Interrupt Link [LNKD] (IRQs 5 9 10 *11)
[    0.536685] SCSI subsystem initialized
[    0.540232] pci 0000:00:02.0: vgaarb: setting as boot VGA device
[    0.543140] pci 0000:00:02.0: vgaarb: VGA device added: decodes=io+mem,owns=io+mem,locks=none
[    0.544013] pci 0000:00:02.0: vgaarb: bridge control possible
[    0.546486] vgaarb: loaded
[    0.548077] ACPI: bus type USB registered
[    0.549491] usbcore: registered new interface driver usbfs
[    0.552036] usbcore: registered new interface driver hub
[    0.556036] usbcore: registered new device driver usb
[    0.557966] EDAC MC: Ver: 3.0.0
[    0.560499] PCI: Using ACPI for IRQ routing
[    0.564021] NetLabel: Initializing
[    0.568009] NetLabel:  domain hash size = 128
[    0.572004] NetLabel:  protocols = UNLABELED CIPSOv4 CALIPSO
[    0.576044] NetLabel:  unlabeled traffic allowed by default
[    0.578602] clocksource: Switched to clocksource kvm-clock
[    0.612367] VFS: Disk quotas dquot_6.6.0
[    0.614481] VFS: Dquot-cache hash table entries: 512 (order 0, 4096 bytes)
[    0.617976] AppArmor: AppArmor Filesystem Enabled
[    0.619939] pnp: PnP ACPI init
[    0.623446] pnp: PnP ACPI: found 3 devices
[    0.631697] clocksource: acpi_pm: mask: 0xffffff max_cycles: 0xffffff, max_idle_ns: 2085701024 ns
[    0.636517] NET: Registered protocol family 2
[    0.638672] IP idents hash table entries: 8192 (order: 4, 65536 bytes)
[    0.642339] TCP established hash table entries: 4096 (order: 3, 32768 bytes)
[    0.646920] TCP bind hash table entries: 4096 (order: 4, 65536 bytes)
[    0.650267] TCP: Hash tables configured (established 4096 bind 4096)
[    0.653425] UDP hash table entries: 256 (order: 1, 8192 bytes)
[    0.657283] UDP-Lite hash table entries: 256 (order: 1, 8192 bytes)
[    0.660445] NET: Registered protocol family 1
[    0.662871] pci 0000:00:00.0: Limiting direct PCI/PCI transfers
[    0.665835] pci 0000:00:01.0: Activating ISA DMA hang workarounds
[    0.669034] pci 0000:00:02.0: Video device with shadowed ROM at [mem 0x000c0000-0x000dffff]
[    0.673906] Unpacking initramfs...
[    1.248861] Freeing initrd memory: 19528K
[    1.251302] clocksource: tsc: mask: 0xffffffffffffffff max_cycles: 0x29dc09beef1, max_idle_ns: 440795310252 ns
[    1.256106] platform rtc_cmos: registered platform RTC device (no PNP device found)
[    1.259725] Scanning for low memory corruption every 60 seconds
[    1.263233] Initialise system trusted keyrings
[    1.265420] Key type blacklist registered
[    1.267419] workingset: timestamp_bits=36 max_order=17 bucket_order=0
[    1.271781] zbud: loaded
[    1.273755] squashfs: version 4.0 (2009/01/31) Phillip Lougher
[    1.276752] fuse init (API version 7.26)
[    1.279622] Key type asymmetric registered
[    1.281609] Asymmetric key parser 'x509' registered
[    1.283699] Block layer SCSI generic (bsg) driver version 0.4 loaded (major 246)
[    1.287494] io scheduler noop registered
[    1.289413] io scheduler deadline registered
[    1.291304] io scheduler cfq registered (default)
[    1.294244] ACPI: AC Adapter [AC] (on-line)
[    1.300621] input: Power Button as /devices/LNXSYSTM:00/LNXPWRBN:00/input/input0
[    1.308339] ACPI: Power Button [PWRF]
[    1.310405] input: Sleep Button as /devices/LNXSYSTM:00/LNXSLPBN:00/input/input1
[    1.315023] ACPI: Sleep Button [SLPF]
[    1.320659] ACPI: Battery Slot [BAT0] (battery present)
[    1.323564] Serial: 8250/16550 driver, 32 ports, IRQ sharing enabled
[    1.348938] 00:02: ttyS0 at I/O 0x3f8 (irq = 4, base_baud = 115200) is a 16550A
[    1.357062] Linux agpgart interface v0.103
[    1.361835] loop: module loaded
[    1.365362] scsi host0: ata_piix
[    1.368574] scsi host1: ata_piix
[    1.369949] ata1: PATA max UDMA/33 cmd 0x1f0 ctl 0x3f6 bmdma 0xd000 irq 14
[    1.377553] ata2: PATA max UDMA/33 cmd 0x170 ctl 0x376 bmdma 0xd008 irq 15
[    1.380929] tun: Universal TUN/TAP device driver, 1.6
[    1.383090] PPP generic driver version 2.4.2
[    1.384937] ehci_hcd: USB 2.0 'Enhanced' Host Controller (EHCI) Driver
[    1.387886] ehci-pci: EHCI PCI platform driver
[    1.390107] ehci-platform: EHCI generic platform driver
[    1.392333] ohci_hcd: USB 1.1 'Open' Host Controller (OHCI) Driver
[    1.394988] ohci-pci: OHCI PCI platform driver
[    1.396906] ohci-platform: OHCI generic platform driver
[    1.399110] uhci_hcd: USB Universal Host Controller Interface driver
[    1.401979] i8042: PNP: PS/2 Controller [PNP0303:PS2K,PNP0f03:PS2M] at 0x60,0x64 irq 1,12
[    1.405932] serio: i8042 KBD port at 0x60,0x64 irq 1
[    1.408230] serio: i8042 AUX port at 0x60,0x64 irq 12
[    1.410455] mousedev: PS/2 mouse device common for all mice
[    1.413042] input: AT Translated Set 2 keyboard as /devices/platform/i8042/serio0/input/input2
[    1.417085] rtc_cmos rtc_cmos: rtc core: registered rtc_cmos as rtc0
[    1.419759] rtc_cmos rtc_cmos: alarms up to one day, 114 bytes nvram
[    1.422555] i2c /dev entries driver
[    1.424158] device-mapper: uevent: version 1.0.3
[    1.426691] device-mapper: ioctl: 4.37.0-ioctl (2017-09-20) initialised: dm-devel@redhat.com
[    1.432607] ledtrig-cpu: registered to indicate activity on CPUs
[    1.435409] intel_pmc_core:  initialized
[    1.437547] NET: Registered protocol family 10
[    1.454722] Segment Routing with IPv6
[    1.457757] NET: Registered protocol family 17
[    1.460109] Key type dns_resolver registered
[    1.462600] mce: Using 0 MCE banks
[    1.464446] RAS: Correctable Errors collector initialized.
[    1.468182] sched_clock: Marking stable (1464409579, 0)->(1973933953, -509524374)
[    1.472852] registered taskstats version 1
[    1.475283] Loading compiled-in X.509 certificates
[    1.481682] Loaded X.509 cert 'Build time autogenerated kernel key: b5b26778eaa3ab3a4a6cee031137706e947d12ad'
[    1.488715] Loaded X.509 cert 'Canonical Ltd. Live Patch Signing: 14df34d1a87cf37625abec039ef2bf521249b969'
[    1.494588] Loaded X.509 cert 'Canonical Ltd. Kernel Module Signing: 88f752e560a1e0737e31163a466ad7b70a850c19'
[    1.501564] blacklist: Loading compiled-in revocation X.509 certificates
[    1.505089] Loaded X.509 cert 'Canonical Ltd. Secure Boot Signing: 61482aa2830d0ab2ad5af10b7250da9033ddcef0'
[    1.509531] Loaded X.509 cert 'Canonical Ltd. Secure Boot Signing (2017): 242ade75ac4a15e50d50c84b0d45ff3eae707a03'
[    1.515303] Loaded X.509 cert 'Canonical Ltd. Secure Boot Signing (ESM 2018): 365188c1d374d6b07c3c8f240f8ef722433d6a8b'
[    1.521681] Loaded X.509 cert 'Canonical Ltd. Secure Boot Signing (2019): c0746fd6c5da3ae827864651ad66ae47fe24b3e8'
[    1.527544] Loaded X.509 cert 'Canonical Ltd. Secure Boot Signing (2021 v1): a8d54bbb3825cfb94fa13c9f8a594a195c107b8d'
[    1.533385] Loaded X.509 cert 'Canonical Ltd. Secure Boot Signing (2021 v2): 4cf046892d6fd3c9a5b03f98d845f90851dc6a8c'
[    1.539439] Loaded X.509 cert 'Canonical Ltd. Secure Boot Signing (2021 v3): 100437bb6de6e469b581e61cd66bce3ef4ed53af'
[    1.572522] Loaded X.509 cert 'Canonical Ltd. Secure Boot Signing (Ubuntu Core 2019): c1d57b8f6b743f23ee41f4f7ee292f06eecadfb9'
[    1.583858] zswap: loaded using pool lzo/zbud
[    1.590494] Key type big_key registered
[    1.592717] Key type trusted registered
[    1.597568] Key type encrypted registered
[    1.599317] AppArmor: AppArmor sha1 policy hashing enabled
[    1.601790] ima: No TPM chip found, activating TPM-bypass! (rc=-19)
[    1.604438] ima: Allocated hash algorithm: sha1
[    1.606500] evm: HMAC attrs: 0x1
[    1.609135]   Magic number: 1:706:64
[    1.611058] rtc_cmos rtc_cmos: setting system clock to 2025-03-21 06:04:18 UTC (1742537058)
[    1.614786] BIOS EDD facility v0.16 2004-Jun-25, 0 devices found
[    1.618625] EDD information not available.
[    1.625216] Freeing unused kernel image memory: 2480K
[    1.640984] Write protecting the kernel read-only data: 20480k
[    1.644152] Freeing unused kernel image memory: 2008K
[    1.646944] Freeing unused kernel image memory: 1820K
[    1.674152] x86/mm: Checked W+X mappings: passed, no W+X pages found.
[    1.677727] x86/mm: Checking user space page tables
[    1.697465] x86/mm: Checked W+X mappings: passed, no W+X pages found.
Loading, please wait...
starting version 237
[    1.884574] Fusion MPT base driver 3.04.20
[    1.885977] Copyright (c) 1999-2008 LSI Corporation
[    1.887694] e1000: Intel(R) PRO/1000 Network Driver - version 7.3.21-k8-NAPI
[    1.890111] e1000: Copyright (c) 1999-2006 Intel Corporation.
[    1.915246] Fusion MPT SPI Host driver 3.04.20
[    1.933909] AVX2 version of gcm_enc/dec engaged.
[    1.935316] AES CTR mode by8 optimization enabled
[    2.103604] input: ImExPS/2 Generic Explorer Mouse as /devices/platform/i8042/serio1/input/input4
[    2.416368] e1000 0000:00:03.0 eth0: (PCI:33MHz:32-bit) 02:3b:7b:b7:3b:2d
[    2.419061] e1000 0000:00:03.0 eth0: Intel(R) PRO/1000 Network Connection
[    2.423061] mptbase: ioc0: Initiating bringup
[    2.533022] ioc0: LSI53C1030 A0: Capabilities={Initiator}
[    2.786424] scsi host2: ioc0: LSI53C1030 A0, FwRev=00000000h, Ports=1, MaxQ=256, IRQ=20
[    2.969845] scsi 2:0:0:0: Direct-Access     VBOX     HARDDISK         1.0  PQ: 0 ANSI: 5
[    2.976865] scsi target2:0:0: Beginning Domain Validation
[    2.980723] scsi target2:0:0: Domain Validation skipping write tests
[    2.983826] scsi target2:0:0: Ending Domain Validation
[    2.987214] scsi target2:0:0: asynchronous
[    2.989239] scsi 2:0:1:0: Direct-Access     VBOX     HARDDISK         1.0  PQ: 0 ANSI: 5
[    2.992598] scsi target2:0:1: Beginning Domain Validation
[    3.002726] scsi target2:0:1: Domain Validation skipping write tests
[    3.005827] scsi target2:0:1: Ending Domain Validation
[    3.032908] scsi target2:0:1: asynchronous
[    3.039520] sd 2:0:0:0: [sda] 83886080 512-byte logical blocks: (42.9 GB/40.0 GiB)
[    3.042468] sd 2:0:0:0: Attached scsi generic sg0 type 0
[    3.044496] sd 2:0:0:0: [sda] Write Protect is off
[    3.047435] sd 2:0:0:0: [sda] Incomplete mode parameter data
[    3.049862] sd 2:0:0:0: [sda] Assuming drive cache: write through
[    3.052537] sd 2:0:1:0: [sdb] 20480 512-byte logical blocks: (10.5 MB/10.0 MiB)
[    3.054948] sd 2:0:1:0: [sdb] Write Protect is off
[    3.056444] sd 2:0:1:0: Attached scsi generic sg1 type 0
[    3.070329] sd 2:0:1:0: [sdb] Incomplete mode parameter data
[    3.077581] sd 2:0:1:0: [sdb] Assuming drive cache: write through
[    3.085502]  sda: sda1
[    3.092818] sd 2:0:0:0: [sda] Attached SCSI disk
[    3.132704] sd 2:0:1:0: [sdb] Attached SCSI disk
[    3.681177] e1000 0000:00:08.0 eth1: (PCI:33MHz:32-bit) 08:00:27:a8:17:1f
[    3.687334] e1000 0000:00:08.0 eth1: Intel(R) PRO/1000 Network Connection
[    3.691427] e1000 0000:00:08.0 enp0s8: renamed from eth1
[    3.697544] e1000 0000:00:03.0 enp0s3: renamed from eth0
Begin: Loading essential drivers ... [    5.696354] raid6: sse2x1   gen()  4597 MB/s
[    5.752035] raid6: sse2x1   xor()  3512 MB/s
[    5.800044] raid6: sse2x2   gen()  5024 MB/s
[    5.848035] raid6: sse2x2   xor()  3849 MB/s
[    5.896022] raid6: sse2x4   gen()  5881 MB/s
[    5.944038] raid6: sse2x4   xor()  4362 MB/s
[    5.996867] raid6: avx2x1   gen()  8178 MB/s
[    6.052034] raid6: avx2x1   xor()  6541 MB/s
[    6.100015] raid6: avx2x2   gen()  9901 MB/s
[    6.148033] raid6: avx2x2   xor()  7008 MB/s
[    6.244044] raid6: avx2x4   gen() 12040 MB/s
[    6.295429] raid6: avx2x4   xor()  4321 MB/s
[    6.297607] raid6: using algorithm avx2x4 gen() 12040 MB/s
[    6.304250] raid6: .... xor() 4321 MB/s, rmw enabled
[    6.307761] raid6: using avx2x2 recovery algorithm
[    6.313932] xor: automatically using best checksumming function   avx       
[    6.327784] async_tx: api initialized (async)
done.
Begin: Running /scripts/init-premount ... done.
Begin: Mounting root file system ... Begin: Running /scripts/local-top ... done.
Begin: Running /scripts/local-premount ... [    6.448079] Btrfs loaded, crc32c=crc32c-intel
Scanning for Btrfs filesystems
done.
Warning: fsck not present, so skipping root file system
[    6.510010] EXT4-fs (sda1): mounted filesystem with ordered data mode. Opts: (null)
done.
Begin: Running /scripts/local-bottom ... done.
Begin: Running /scripts/init-bottom ... done.
[    6.899091] ip_tables: (C) 2000-2006 Netfilter Core Team
[    6.934614] systemd[1]: systemd 237 running in system mode. (+PAM +AUDIT +SELINUX +IMA +APPARMOR +SMACK +SYSVINIT +UTMP +LIBCRYPTSETUP +GCRYPT +GNUTLS +ACL +XZ +LZ4 +SECCOMP +BLKID +ELFUTILS +KMOD -IDN2 +IDN -PCRE2 default-hierarchy=hybrid)
[    6.951986] systemd[1]: Detected virtualization oracle.
[    6.963278] systemd[1]: Detected architecture x86-64.

Welcome to [1mUbuntu 18.04.6 LTS[0m!

[    6.972272] systemd[1]: Set hostname to <ubuntu>.
[    6.979837] systemd[1]: Initializing machine ID from random generator.
[    6.982067] systemd[1]: Installed transient /etc/machine-id file.
[    7.769127] systemd[1]: Set up automount Arbitrary Executable File Formats File System Automount Point.
[[0;32m  OK  [0m] Set up automount Arbitrary Executabâ€¦rmats File System Automount Point.
[    7.781579] systemd[1]: Started Forward Password Requests to Wall Directory Watch.
[[0;32m  OK  [0m] Started Forward Password Requests to Wall Directory Watch.
[    7.787782] systemd[1]: Reached target Mounting snaps.
[[0;32m  OK  [0m] Reached target Mounting snaps.
[    7.791845] systemd[1]: Reached target User and Group Name Lookups.
[[0;32m  OK  [0m] Reached target User and Group Name Lookups.
[[0;32m  OK  [0m] Reached target Swap.
[[0;32m  OK  [0m] Reached target System Time Synchronized.
[[0;32m  OK  [0m] Reached target Mounted snaps.
[[0;32m  OK  [0m] Created slice System Slice.
[[0;32m  OK  [0m] Listening on udev Kernel Socket.
[[0;32m  OK  [0m] Listening on fsck to fsckd communication Socket.
[[0;32m  OK  [0m] Listening on LVM2 metadata daemon socket.
[[0;32m  OK  [0m] Created slice system-serial\x2dgetty.slice.
[[0;32m  OK  [0m] Listening on Journal Socket (/dev/log).
[[0;32m  OK  [0m] Listening on udev Control Socket.
[[0;32m  OK  [0m] Listening on Journal Socket.
         Mounting Huge Pages File System...
         Starting Set the console keyboard layout...
         Starting File System Check on Root Device...
         Starting Create list of required stâ€¦ce nodes for the current kernel...
         Mounting POSIX Message Queue File System...
[[0;32m  OK  [0m] Listening on Network Service Netlink Socket.
[[0;32m  OK  [0m] Listening on /dev/initctl Compatibility Named Pipe.
         Starting Load Kernel Modules...
[[0;32m  OK  [0m] Listening on Device-mapper event daemon FIFOs.
[[0;32m  OK  [0m] Listening on Journal Audit Socket.
[[0;32m  OK  [0m] Listening on LVM2 poll daemon socket.
         Mounting Kernel Debug File System...
[[0;32m  OK  [0m] Created slice User and Session Slice.
[[0;32m  OK  [0m] Listening on Syslog Socket.
[    7.935208] Loading iSCSI transport class v2.0-870.
         Starting Journal Service...
         Starting udev Coldplug all Devices...
         Starting Monitoring of LVM2 mirrorsâ€¦ng dmeventd or progress polling...
         Starting Uncomplicated firewall...
[[0;32m  OK  [0m] Reached target Slices.
[[0;32m  OK  [0m] Mounted Huge Pages File System.
[[0;32m  OK  [0m] Started File System Check on Root Device.
[[0;32m  OK  [0m] Started Create list of required staâ€¦vice nodes for the current kernel.
[[0;32m  OK  [0m] Mounted POSIX Message Queue File System.
[[0;32m  OK  [0m] Mounted Kernel Debug File System.
[[0;32m  OK  [0m] Started File System Check Daemon to report status.
         Starting Create Static Device Nodes in /dev...
         Starting Remount Root and Kernel File Systems...
[    8.010158] iscsi: registered transport (tcp)
[[0;32m  OK  [0m] Started Uncomplicated firewall.
[[0;32m  OK  [0m] Started LVM2 metadata daemon.
[[0;32m  OK  [0m] Started Journal Service.
[[0;32m  OK  [0m] Started Create Static Device Nodes in /dev.
[    8.199174] EXT4-fs (sda1): re-mounted. Opts: (null)
[[0;32m  OK  [0m] Started Remount Root and Kernel File Systems.
         Starting Load/Save Random Seed...
         Starting udev Kernel Device Manager...
         Starting Flush Journal to Persistent Storage...
[[0;32m  OK  [0m] Started Load/Save Random Seed.
[    8.276942] systemd-journald[413]: Received request to flush runtime journal from PID 1
[[0;32m  OK  [0m] Started udev Coldplug all Devices.
[[0;32m  OK  [0m] Started Monitoring of LVM2 mirrors,â€¦sing dmeventd or progress polling.
[[0;32m  OK  [0m] Started udev Kernel Device Manager.
[[0;32m  OK  [0m] Started Flush Journal to Persistent Storage.
[    8.401671] iscsi: registered transport (iser)
[[0;32m  OK  [0m] Started Load Kernel Modules.
         Mounting FUSE Control File System...
         Mounting Kernel Configuration File System...
         Starting Apply Kernel Variables...
[[0;32m  OK  [0m] Mounted FUSE Control File System.
[[0;32m  OK  [0m] Mounted Kernel Configuration File System.
[[0;32m  OK  [0m] Started Apply Kernel Variables.
[[0;32m  OK  [0m] Found device /dev/ttyS0.
[[0;32m  OK  [0m] Listening on Load/Save RF Kill Switch Status /dev/rfkill Watch.
         Mounting Arbitrary Executable File Formats File System...
[[0;32m  OK  [0m] Mounted Arbitrary Executable File Formats File System.
[[0;32m  OK  [0m] Started Set the console keyboard layout.
[[0;32m  OK  [0m] Started Dispatch Password Requests to Console Directory Watch.
[[0;32m  OK  [0m] Reached target Local Encrypted Volumes.
[[0;32m  OK  [0m] Reached target Local File Systems (Pre).
[[0;32m  OK  [0m] Reached target Local File Systems.
         Starting Create Volatile Files and Directories...
         Starting ebtables ruleset management...
         Starting AppArmor initialization...
         Starting Tell Plymouth To Write Out Runtime Data...
         Starting Commit a transient machine-id on disk...
         Starting Set console font and keymap...
[[0;32m  OK  [0m] Started Create Volatile Files and Directories.
         Starting Update UTMP about System Boot/Shutdown...
[[0;32m  OK  [0m] Started Tell Plymouth To Write Out Runtime Data.
[[0;32m  OK  [0m] Started Commit a transient machine-id on disk.
[[0;32m  OK  [0m] Started Update UTMP about System Boot/Shutdown.
[[0;32m  OK  [0m] Started ebtables ruleset management.
[[0;32m  OK  [0m] Started Set console font and keymap.
[[0;32m  OK  [0m] Started AppArmor initialization.
         Starting Load AppArmor profiles managed internally by snapd...
         Starting Initial cloud-init job (pre-networking)...
[[0;32m  OK  [0m] Started Load AppArmor profiles managed internally by snapd.
[   21.597298] cloud-init[803]: Cloud-init v. 23.1.2-0ubuntu0~18.04.1 running 'init-local' at Fri, 21 Mar 2025 06:04:37 +0000. Up 20.84 seconds.
[[0;32m  OK  [0m] Started Initial cloud-init job (pre-networking).
[[0;32m  OK  [0m] Reached target Network (Pre).
         Starting Network Service...
[[0;32m  OK  [0m] Started Network Service.
         Starting Wait for Network to be Configured...
         Starting Network Name Resolution...
[[0;32m  OK  [0m] Started Network Name Resolution.
[[0;32m  OK  [0m] Reached target Host and Network Name Lookups.
[[0;32m  OK  [0m] Reached target Network.
[[0;32m  OK  [0m] Started Wait for Network to be Configured.
         Starting Initial cloud-init job (metadata service crawler)...
[   25.423213] cloud-init[911]: Cloud-init v. 23.1.2-0ubuntu0~18.04.1 running 'init' at Fri, 21 Mar 2025 06:04:41 +0000. Up 24.95 seconds.
[   25.432483] cloud-init[911]: ci-info: ++++++++++++++++++++++++++++++++++++++Net device info+++++++++++++++++++++++++++++++++++++++
[   25.437251] cloud-init[911]: ci-info: +--------+-------+----------------------------+---------------+--------+-------------------+
[   25.452207] cloud-init[911]: ci-info: | Device |   Up  |          Address           |      Mask     | Scope  |     Hw-Address    |
[   25.456136] cloud-init[911]: ci-info: +--------+-------+----------------------------+---------------+--------+-------------------+
[   25.463293] cloud-init[911]: ci-info: | enp0s3 |  True |         10.0.2.15          | 255.255.255.0 | global | 02:3b:7b:b7:3b:2d |
[   25.482048] cloud-init[911]: ci-info: | enp0s3 |  True | fd00::3b:7bff:feb7:3b2d/64 |       .       | global | 02:3b:7b:b7:3b:2d |
[   25.486496] cloud-init[911]: ci-info: | enp0s3 |  True | fe80::3b:7bff:feb7:3b2d/64 |       .       |  link  | 02:3b:7b:b7:3b:2d |
[   25.489607] cloud-init[911]: ci-info: | enp0s8 | False |             .              |       .       |   .    | 08:00:27:a8:17:1f |
[   25.492752] cloud-init[911]: ci-info: |   lo   |  True |         127.0.0.1          |   255.0.0.0   |  host  |         .         |
[   25.499764] cloud-init[911]: ci-info: |   lo   |  True |          ::1/128           |       .       |  host  |         .         |
[   25.504816] cloud-init[911]: ci-info: +--------+-------+----------------------------+---------------+--------+-------------------+
[   25.533601] cloud-init[911]: ci-info: ++++++++++++++++++++++++++++Route IPv4 info+++++++++++++++++++++++++++++
[   25.540347] cloud-init[911]: ci-info: +-------+-------------+----------+-----------------+-----------+-------+
[   25.545246] cloud-init[911]: ci-info: | Route | Destination | Gateway  |     Genmask     | Interface | Flags |
[   25.552206] cloud-init[911]: ci-info: +-------+-------------+----------+-----------------+-----------+-------+
[   25.559901] cloud-init[911]: ci-info: |   0   |   0.0.0.0   | 10.0.2.2 |     0.0.0.0     |   enp0s3  |   UG  |
[   25.563986] cloud-init[911]: ci-info: |   1   |   10.0.2.0  | 0.0.0.0  |  255.255.255.0  |   enp0s3  |   U   |
[   25.595300] cloud-init[911]: ci-info: |   2   |   10.0.2.2  | 0.0.0.0  | 255.255.255.255 |   enp0s3  |   UH  |
[   25.600165] cloud-init[911]: ci-info: +-------+-------------+----------+-----------------+-----------+-------+
[   25.605857] cloud-init[911]: ci-info: +++++++++++++++++++Route IPv6 info+++++++++++++++++++
[   25.624176] cloud-init[911]: ci-info: +-------+-------------+---------+-----------+-------+
[   25.636863] cloud-init[911]: ci-info: | Route | Destination | Gateway | Interface | Flags |
[   25.640010] cloud-init[911]: ci-info: +-------+-------------+---------+-----------+-------+
[   25.656235] cloud-init[911]: ci-info: |   1   |  fd00::/64  |    ::   |   enp0s3  |   U   |
[   25.660258] cloud-init[911]: ci-info: |   2   |  fe80::/64  |    ::   |   enp0s3  |   U   |
[   25.676254] cloud-init[911]: ci-info: |   3   |     ::/0    | fe80::2 |   enp0s3  |   UG  |
[   25.679079] cloud-init[911]: ci-info: |   5   |    local    |    ::   |   enp0s3  |   U   |
[   25.692969] cloud-init[911]: ci-info: |   6   |    local    |    ::   |   enp0s3  |   U   |
[   25.695213] cloud-init[911]: ci-info: |   7   |   ff00::/8  |    ::   |   enp0s3  |   U   |
[   25.698031] cloud-init[911]: ci-info: +-------+-------------+---------+-----------+-------+
[   26.539301] cloud-init[911]: Generating public/private rsa key pair.
[   26.552237] cloud-init[911]: Your identification has been saved in /etc/ssh/ssh_host_rsa_key.
[   26.555232] cloud-init[911]: Your public key has been saved in /etc/ssh/ssh_host_rsa_key.pub.
[   26.560226] cloud-init[911]: The key fingerprint is:
[   26.576379] cloud-init[911]: SHA256:ptxpcdfJx/97Dfq6EXjpoxwMGaZa/FwPpB5Px2iQfSU root@ubuntu-bionic
[   26.581098] cloud-init[911]: The key's randomart image is:
[   26.583126] cloud-init[911]: +---[RSA 2048]----+
[   26.592228] cloud-init[911]: |            E .  |
[   26.604222] cloud-init[911]: |         o   o   |
[   26.649040] cloud-init[911]: |        = o .    |
[   26.650527] cloud-init[911]: |     . o * = + o |
[   26.652177] cloud-init[911]: |      + S O B + o|
[   26.656175] cloud-init[911]: |     + B % B ....|
[   26.660223] cloud-init[911]: |    . o B + =. .o|
[   26.661702] cloud-init[911]: |       . . o.o  +|
[   26.668244] cloud-init[911]: |          o o+..+|
[   26.669553] cloud-init[911]: +----[SHA256]-----+
[   26.676397] cloud-init[911]: Generating public/private dsa key pair.
[   26.678319] cloud-init[911]: Your identification has been saved in /etc/ssh/ssh_host_dsa_key.
[   26.700313] cloud-init[911]: Your public key has been saved in /etc/ssh/ssh_host_dsa_key.pub.
[   26.704004] cloud-init[911]: The key fingerprint is:
[   26.708143] cloud-init[911]: SHA256:A2xptwItZBUlharzdNCZquM7zjme96EXPtGWbAm/Akg root@ubuntu-bionic
[   26.716490] cloud-init[911]: The key's randomart image is:
[   26.718064] cloud-init[911]: +---[DSA 1024]----+
[   26.723266] cloud-init[911]: |    o.+=o        |
[   26.724855] cloud-init[911]: |   o o.o         |
[[0;32m  OK  [0m] Started Initial cloud-init job (metadata service crawler).
[   26.730836] cloud-init[911]: [[0;32m  OK  [0m] Reached target Network is Online.
|    ooBo.        |
[   26.735393] [[0;32m  OK  [0m] Reached target Remote File Systems (Pre).
[[0;32m  OK  [0m] Reached target Remote File Systems.cloud-init[911]: |  E o==o .       |
[   26.757943] cloud-init[911]: | . o o.=So       |
[   26.759633] cloud-init[911]: |  + + +.O.       |
[   26.764989] cloud-init[911]: |   = +.= .       |
[   26.765060] cloud-init[911]: | .=oo.=..        |
[   26.765142] cloud-init[911]: | +O*.o.o         |
[   26.765214] cloud-init[911]: +----[SHA256]-----+
[   26.765274] cloud-init[911]: Generating public/private ecdsa key pair.
[   26.765337] cloud-init[911]: Your identification has been saved in /etc/ssh/ssh_host_ecdsa_key.
[   26.765403] cloud-init[911]: Your public key has been saved in /etc/ssh/ssh_host_ecdsa_key.pub.
[   26.765468] cloud-init[911]: The key fingerprint is:
[   26.765528] cloud-init[911]: SHA256:wVo0IY5wlD0e7VQiFRa7LVhNWIb9LgxBvTH/3hVN/ns root@ubuntu-bionic
[   26.765593] cloud-init[911]: The key's randomart image is:
[   26.765654] cloud-init[911]: +---[ECDSA 256]---+
[   26.765718] cloud-init[911]: |  ..ooo+@@=      |
[   26.765782] cloud-init[911]: |   o.o+**B=     .|
[   26.766596] cloud-init[911]: |    ...=*..*   o.|
[   26.766662] cloud-init[911]: |      .=o+. o  .o|
[   26.766728] cloud-init[911]: |      o So.. .  o|

         Starting Availability of block devices...
[[0;32m  OK  [0m] Reached target Cloud-config availability.
[[0;32m  OK  [0m] Reached target System Initialization.
[[0;32m  OK  [0m] Started ACPI Events Check.
[[0;32m  OK  [0m] Listening on cloud-init hotplug hook socket.
[[0;32m  OK  [0m] Listening on UUID daemon activation socket.
[   26.824314]          Starting LXD - unix socket.
[cloud-init[911]: |         .o . . o|
[   26.837112] cloud-init[911]: |           . . .o|
[   26.837219] cloud-init[911]: |              ..E|
[   26.837303] cloud-init[911]: |                .|
[   26.837381] cloud-init[911]: +----[SHA256]-----+
[   26.837465] cloud-init[911]: Generating public/private ed25519 key pair.
[   26.837554] cloud-init[911]: Your identification has been saved in /etc/ssh/ssh_host_ed25519_key.
[   26.837793] cloud-init[911]: Your public key has been saved in /etc/ssh/ssh_host_ed25519_key.pub.
[   26.837937] cloud-init[911]: The key fingerprint is:
[   26.838017] cloud-init[911]: SHA256:fF49PVO5dhIuk7Ms09NCrDIwnw6IYDOL1Vo2LopsWRA root@ubuntu-bionic
[   26.838095] cloud-init[911]: The key's randomart image is:
[   26.838173] cloud-init[911]: +--[ED25519 256]--+
[   26.838250] cloud-init[911]: |                 |
[   26.838332] cloud-init[911]: | E              .|
[   26.838413] cloud-init[911]: |  .           ...|
[   26.838496] cloud-init[911]: | . .   .   . + oo|
[   26.838698] cloud-init[911]: |.+o = o S . O ==o|
[   26.838799] cloud-init[911]: |oo+B o + + * *.o+|
[   26.838879] cloud-init[911]: |..* o . = = * .  |
[   26.838962] cloud-init[911]: |o+ .   o o o o   |
[   26.839509] cloud-init[911]: |+.      .        |
[0;32m  OK  [0m] Started Daily apt download activities.
[[0;32m  OK  [0m] Listening on Open-iSCSI iscsid Socket.
[[0;32m  OK  [0m] Started Daily Cleanup of Temporary Directories.
[   26.839711] cloud-init[911]: +----[SHA256]-----+
[[0;32m  OK  [0m] Started Discard unused blocks once a week.
[[0;32m  OK  [0m] Listening on D-Bus System Message Bus Socket.
[[0;32m  OK  [0m] Listening on ACPID Listen Socket.
[[0;32m  OK  [0m] Started Ubuntu Advantage Timer for running repeated jobs.
[[0;32m  OK  [0m] Started Daily apt upgrade and clean activities.
[[0;32m  OK  [0m] Reached target Paths.
         Starting Socket activation for snappy daemon.
[[0;32m  OK  [0m] Started Message of the Day.
[[0;32m  OK  [0m] Reached target Timers.
[[0;32m  OK  [0m] Started Availability of block devices.
[[0;32m  OK  [0m] Listening on LXD - unix socket.
[[0;32m  OK  [0m] Listening on Socket activation for snappy daemon.
[[0;32m  OK  [0m] Reached target Sockets.
[[0;32m  OK  [0m] Reached target Basic System.
         Starting System Logging Service...
         Starting LSB: Record successful boot for GRUB...
[[0;32m  OK  [0m] Started FUSE filesystem for LXC.
[[0;32m  OK  [0m] Started Deferred execution scheduler.
[[0;32m  OK  [0m] Reached target Login Prompts (Pre).
         Starting Virtualbox guest utils...
         Starting Permit User Sessions...
         Starting Dispatcher daemon for systemd-networkd...
         Starting LSB: automatic crash report generation...
         Starting Accounts Service...
         Starting Snap Daemon...
[[0;32m  OK  [0m] Started Regular background program processing daemon.
         Starting Pollinate to seed the pseudo random number generator...
         Starting Login Service...
[[0;32m  OK  [0m] Started D-Bus System Message Bus.
[[0;32m  OK  [0m] Started irqbalance daemon.
         Starting LXD - container startup/shutdown...
[[0;32m  OK  [0m] Started System Logging Service.
[[0;32m  OK  [0m] Started Permit User Sessions.
[[0;32m  OK  [0m] Started LSB: Record successful boot for GRUB.
[[0;32m  OK  [0m] Started LSB: automatic crash report generation.
[[0;32m  OK  [0m] Started Login Service.
[[0;32m  OK  [0m] Started Unattended Upgrades Shutdown.
         Starting Authorization Manager...
         Starting Hostname Service...
         Starting Terminate Plymouth Boot Screen...
         Starting Hold until boot process finishes up...
[[0;32m  OK  [0m] Started Terminate Plymouth Boot Screen.
[[0;32m  OK  [0m] Started Hold until boot process finishes up.
         Starting Set console scheme...
[[0;32m  OK  [0m] Started Serial Getty on ttyS0.
[[0;32m  OK  [0m] Started Set console scheme.
[[0;32m  OK  [0m] Created slice system-getty.slice.
[[0;32m  OK  [0m] Started Getty on tty1.
[[0;32m  OK  [0m] Reached target Login Prompts.
[[0;32m  OK  [0m] Started Authorization Manager.
[[0;32m  OK  [0m] Started Accounts Service.
[[0;32m  OK  [0m] Started Hostname Service.
[[0;32m  OK  [0m] Started LXD - container startup/shutdown.
[[0;32m  OK  [0m] Started Virtualbox guest utils.
[[0;32m  OK  [0m] Started Dispatcher daemon for systemd-networkd.
[[0;32m  OK  [0m] Started Snap Daemon.
         Starting Wait until snapd is fully seeded...
[[0;32m  OK  [0m] Started Pollinate to seed the pseudo random number generator.
         Starting OpenBSD Secure Shell server...
[[0;32m  OK  [0m] Started OpenBSD Secure Shell server.
[[0;32m  OK  [0m] Created slice User Slice of vagrant.
[[0;32m  OK  [0m] Started Session 1 of user vagrant.
         Starting User Manager for UID 1000...
         Starting Time & Date Service...
[[0;32m  OK  [0m] Started Time & Date Service.
[[0;32m  OK  [0m] Started User Manager for UID 1000.
[[0;32m  OK  [0m] Started Wait until snapd is fully seeded.
         Starting Apply the settings specified in cloud-config...

Ubuntu 18.04.6 LTS ubuntu-bionic ttyS0

ubuntu-bionic login: [   40.013637] cloud-init[1320]: Cloud-init v. 23.1.2-0ubuntu0~18.04.1 running 'modules:config' at Fri, 21 Mar 2025 06:04:52 +0000. Up 35.86 seconds.
ci-info: no authorized SSH keys fingerprints found for user ubuntu.
<14>Mar 21 06:04:59 cloud-init: #############################################################
<14>Mar 21 06:04:59 cloud-init: -----BEGIN SSH HOST KEY FINGERPRINTS-----
<14>Mar 21 06:04:59 cloud-init: 1024 SHA256:A2xptwItZBUlharzdNCZquM7zjme96EXPtGWbAm/Akg root@ubuntu-bionic (DSA)
<14>Mar 21 06:04:59 cloud-init: 256 SHA256:wVo0IY5wlD0e7VQiFRa7LVhNWIb9LgxBvTH/3hVN/ns root@ubuntu-bionic (ECDSA)
<14>Mar 21 06:04:59 cloud-init: 256 SHA256:fF49PVO5dhIuk7Ms09NCrDIwnw6IYDOL1Vo2LopsWRA root@ubuntu-bionic (ED25519)
<14>Mar 21 06:04:59 cloud-init: 2048 SHA256:ptxpcdfJx/97Dfq6EXjpoxwMGaZa/FwPpB5Px2iQfSU root@ubuntu-bionic (RSA)
<14>Mar 21 06:04:59 cloud-init: -----END SSH HOST KEY FINGERPRINTS-----
<14>Mar 21 06:04:59 cloud-init: #############################################################
-----BEGIN SSH HOST KEY KEYS-----
ecdsa-sha2-nistp256 AAAAE2VjZHNhLXNoYTItbmlzdHAyNTYAAAAIbmlzdHAyNTYAAABBBN0d3YEpItwV4TB+Dj44wdwgD8MFWO8v4JkJoepIg99w82YmScsZ6BXSKl2hGHroCp/7fMlQUIDWLyn0bkS9FgA= root@ubuntu-bionic
ssh-ed25519 AAAAC3NzaC1lZDI1NTE5AAAAIDM1O+LjI+WO5S1274AmdhE5XQFShfcep7LzxqSR8FFi root@ubuntu-bionic
ssh-rsa AAAAB3NzaC1yc2EAAAADAQABAAABAQDVpqprxwSFkXD2IJiSd/IUs6hYrwRGuFEa3E+pYuCA+c9fZFbHm1eqlTRlUfIfRbjSpSN8qY2tfpqBxV6L54WZ2E65REsfz4dcAqCs7znuwg0zvfCDWOqhIPncWm21tQ8SQZIbcfeouBMHpKgH2P3bMZATifee2cK1YDM695HCoKCnW0T6+VoFYrCKY2TmEkmB25miJbbk8GojhvHbNz0ep0eKq8FxPPk3dta1r+0AGdQlU4Nw3V9fQARq6JHwIOGhhbAyUJp1L8+VFlWzUYtjGXZyTTEAYTl3/QJukveGrgm/MCeYGTcpfA9WlIcsnktZNJcm3b6cPCnOTdgNzBtz root@ubuntu-bionic
-----END SSH HOST KEY KEYS-----
[   42.883431] cloud-init[1610]: Cloud-init v. 23.1.2-0ubuntu0~18.04.1 running 'modules:final' at Fri, 21 Mar 2025 06:04:59 +0000. Up 42.34 seconds.
[   42.890570] cloud-init[1610]: Cloud-init v. 23.1.2-0ubuntu0~18.04.1 finished at Fri, 21 Mar 2025 06:04:59 +0000. Datasource DataSourceNoCloud [seed=/dev/sdb][dsmode=net].  Up 42.86 seconds
